[2026-09-27 23:24:42.106] [info]          app starting { version: '1.18.31', packaged: true, onboardingTest: false }
[2026-09-27 23:24:42.320] [info]          tauri migration: already done, skipping
[2026-09-27 23:24:42.991] [info]          auto updater configured {
  channel: 'latest',
  allowPrerelease: false,
  allowDowngrade: true,
  currentVersion: '1.18.31'
}
[2026-09-27 23:24:43.021] [info]          updater state changed { from: 'idle', to: 'checking' }
[2026-09-27 23:24:43.022] [info]          Checking for update
[2026-09-27 23:24:43.463] [info]            sidecar connection started { version: 'v1' }
[2026-09-27 23:24:43.517] [info]            spawning sidecar { url: 'http://127.0.0.1:56153' }
[2026-09-27 23:24:47.389] [info]            Found version 1.18.32 (url: opencode-desktop-win-arm64.exe, opencode-desktop-win-x64.exe)
[2026-09-27 23:24:47.397] [info]            updater state changed { from: 'checking', to: 'downloading' }
[2026-09-27 23:24:47.398] [info]            Downloading update from opencode-desktop-win-arm64.exe, opencode-desktop-win-x64.exe
[2026-09-27 23:24:47.402] [debug]           updater cache dir: C:\Users\Muhibudeen\AppData\Local\@opencode-aidesktop-updater
[2026-09-27 23:24:48.528] [info]            Update has already been downloaded to C:\Users\Muhibudeen\AppData\Local\@opencode-aidesktop-updater\pending\opencode-desktop-win-x64.exe).
[2026-09-27 23:24:48.556] [info]            updater state changed { from: 'downloading', to: 'ready' }
[2026-09-27 23:24:50.339] [info]            loading task finished
[2026-09-27 23:24:52.692] [info]            awaiting server ready
[2026-09-27 23:24:52.693] [info]            server ready { url: 'http://127.0.0.1:56153' }
[2026-09-27 23:53:28.400] [info]  (main)       exporting debug logs {
  output: 'C:\\Users\\Muhibudeen\\Downloads\\opencode-debug-20260927T225328.zip'
}
