[2026-09-27 18:22:44.516] [info]          app starting { version: '1.18.31', packaged: true, onboardingTest: false }
[2026-09-27 18:22:44.597] [info]          tauri migration: already done, skipping
[2026-09-27 18:22:44.765] [info]          auto updater configured {
  channel: 'latest',
  allowPrerelease: false,
  allowDowngrade: true,
  currentVersion: '1.18.31'
}
[2026-09-27 18:22:44.780] [info]          updater state changed { from: 'idle', to: 'checking' }
[2026-09-27 18:22:44.781] [info]          Checking for update
[2026-09-27 18:22:45.077] [info]            sidecar connection started { version: 'v1' }
[2026-09-27 18:22:45.118] [info]            spawning sidecar { url: 'http://127.0.0.1:64616' }
[2026-09-27 18:22:49.732] [info]            Found version 1.18.32 (url: opencode-desktop-win-arm64.exe, opencode-desktop-win-x64.exe)
[2026-09-27 18:22:49.734] [info]            updater state changed { from: 'checking', to: 'downloading' }
[2026-09-27 18:22:49.735] [info]            Downloading update from opencode-desktop-win-arm64.exe, opencode-desktop-win-x64.exe
[2026-09-27 18:22:49.737] [debug]           updater cache dir: C:\Users\Muhibudeen\AppData\Local\@opencode-aidesktop-updater
[2026-09-27 18:22:49.786] [info]            loading task finished
[2026-09-27 18:22:51.560] [info]            Update has already been downloaded to C:\Users\Muhibudeen\AppData\Local\@opencode-aidesktop-updater\pending\opencode-desktop-win-x64.exe).
[2026-09-27 18:22:51.634] [info]            updater state changed { from: 'downloading', to: 'ready' }
[2026-09-27 18:22:52.692] [info]            awaiting server ready
[2026-09-27 18:22:52.693] [info]            server ready { url: 'http://127.0.0.1:64616' }
